Archive member included to satisfy reference by file (symbol)

d:/program files (x86)/atolic/truestudio for stm32/truestudio for stm32 9.3.0/armtools/bin/../lib/gcc/arm-atollic-eabi/6.3.1/../../../../arm-atollic-eabi/lib/armv7e-m/fpu\libc_nano.a(lib_a-errno.o)
                              Src\syscalls.o (__errno)
d:/program files (x86)/atolic/truestudio for stm32/truestudio for stm32 9.3.0/armtools/bin/../lib/gcc/arm-atollic-eabi/6.3.1/../../../../arm-atollic-eabi/lib/armv7e-m/fpu\libc_nano.a(lib_a-impure.o)
                              d:/program files (x86)/atolic/truestudio for stm32/truestudio for stm32 9.3.0/armtools/bin/../lib/gcc/arm-atollic-eabi/6.3.1/../../../../arm-atollic-eabi/lib/armv7e-m/fpu\libc_nano.a(lib_a-errno.o) (_impure_ptr)
d:/program files (x86)/atolic/truestudio for stm32/truestudio for stm32 9.3.0/armtools/bin/../lib/gcc/arm-atollic-eabi/6.3.1/../../../../arm-atollic-eabi/lib/armv7e-m/fpu\libc_nano.a(lib_a-init.o)
                              startup\startup_stm32f407xx.o (__libc_init_array)
d:/program files (x86)/atolic/truestudio for stm32/truestudio for stm32 9.3.0/armtools/bin/../lib/gcc/arm-atollic-eabi/6.3.1/../../../../arm-atollic-eabi/lib/armv7e-m/fpu\libc_nano.a(lib_a-memset.o)
                              Src\main.o (memset)
d:/program files (x86)/atolic/truestudio for stm32/truestudio for stm32 9.3.0/armtools/bin/../lib/gcc/arm-atollic-eabi/6.3.1/../../../../arm-atollic-eabi/lib/armv7e-m/fpu\libm.a(lib_a-wf_atan2.o)
                              Src\QMC5883.o (atan2f)
d:/program files (x86)/atolic/truestudio for stm32/truestudio for stm32 9.3.0/armtools/bin/../lib/gcc/arm-atollic-eabi/6.3.1/../../../../arm-atollic-eabi/lib/armv7e-m/fpu\libm.a(lib_a-ef_atan2.o)
                              d:/program files (x86)/atolic/truestudio for stm32/truestudio for stm32 9.3.0/armtools/bin/../lib/gcc/arm-atollic-eabi/6.3.1/../../../../arm-atollic-eabi/lib/armv7e-m/fpu\libm.a(lib_a-wf_atan2.o) (__ieee754_atan2f)
d:/program files (x86)/atolic/truestudio for stm32/truestudio for stm32 9.3.0/armtools/bin/../lib/gcc/arm-atollic-eabi/6.3.1/../../../../arm-atollic-eabi/lib/armv7e-m/fpu\libm.a(lib_a-sf_atan.o)
                              d:/program files (x86)/atolic/truestudio for stm32/truestudio for stm32 9.3.0/armtools/bin/../lib/gcc/arm-atollic-eabi/6.3.1/../../../../arm-atollic-eabi/lib/armv7e-m/fpu\libm.a(lib_a-ef_atan2.o) (atanf)
d:/program files (x86)/atolic/truestudio for stm32/truestudio for stm32 9.3.0/armtools/bin/../lib/gcc/arm-atollic-eabi/6.3.1/../../../../arm-atollic-eabi/lib/armv7e-m/fpu\libm.a(lib_a-sf_fabs.o)
                              d:/program files (x86)/atolic/truestudio for stm32/truestudio for stm32 9.3.0/armtools/bin/../lib/gcc/arm-atollic-eabi/6.3.1/../../../../arm-atollic-eabi/lib/armv7e-m/fpu\libm.a(lib_a-ef_atan2.o) (fabsf)
d:/program files (x86)/atolic/truestudio for stm32/truestudio for stm32 9.3.0/armtools/bin/../lib/gcc/arm-atollic-eabi/6.3.1/armv7e-m/fpu\libgcc.a(_arm_addsubdf3.o)
                              Src\QMC5883.o (__aeabi_f2d)
d:/program files (x86)/atolic/truestudio for stm32/truestudio for stm32 9.3.0/armtools/bin/../lib/gcc/arm-atollic-eabi/6.3.1/armv7e-m/fpu\libgcc.a(_arm_muldivdf3.o)
                              Src\QMC5883.o (__aeabi_dmul)
d:/program files (x86)/atolic/truestudio for stm32/truestudio for stm32 9.3.0/armtools/bin/../lib/gcc/arm-atollic-eabi/6.3.1/armv7e-m/fpu\libgcc.a(_arm_truncdfsf2.o)
                              Src\QMC5883.o (__aeabi_d2f)
d:/program files (x86)/atolic/truestudio for stm32/truestudio for stm32 9.3.0/armtools/bin/../lib/gcc/arm-atollic-eabi/6.3.1/armv7e-m/fpu\libgcc.a(_aeabi_uldivmod.o)
                              Drivers\STM32F4xx_HAL_Driver\Src\stm32f4xx_hal_rcc.o (__aeabi_uldivmod)
d:/program files (x86)/atolic/truestudio for stm32/truestudio for stm32 9.3.0/armtools/bin/../lib/gcc/arm-atollic-eabi/6.3.1/armv7e-m/fpu\libgcc.a(_udivmoddi4.o)
                              d:/program files (x86)/atolic/truestudio for stm32/truestudio for stm32 9.3.0/armtools/bin/../lib/gcc/arm-atollic-eabi/6.3.1/armv7e-m/fpu\libgcc.a(_aeabi_uldivmod.o) (__udivmoddi4)
d:/program files (x86)/atolic/truestudio for stm32/truestudio for stm32 9.3.0/armtools/bin/../lib/gcc/arm-atollic-eabi/6.3.1/armv7e-m/fpu\libgcc.a(_dvmd_tls.o)
                              d:/program files (x86)/atolic/truestudio for stm32/truestudio for stm32 9.3.0/armtools/bin/../lib/gcc/arm-atollic-eabi/6.3.1/armv7e-m/fpu\libgcc.a(_aeabi_uldivmod.o) (__aeabi_ldiv0)

Allocating common symbols
Common symbol       size              file

hi2c3               0x54              Src\main.o
pusula_sensor       0x1c              Src\main.o
uwTick              0x4               Drivers\STM32F4xx_HAL_Driver\Src\stm32f4xx_hal.o
pFlash              0x20              Drivers\STM32F4xx_HAL_Driver\Src\stm32f4xx_hal_flash.o
Compas_Value        0x4               Src\main.o

Discarded input sections

[...]
Memory Configuration

Name             Origin             Length             Attributes
RAM              0x20000000         0x00020000         xrw
CCMRAM           0x10000000         0x00010000         xrw
FLASH            0x08000000         0x00100000         xr
*default*        0x00000000         0xffffffff

Linker script and memory map

LOAD d:/program files (x86)/atolic/truestudio for stm32/truestudio for stm32 9.3.0/armtools/bin/../lib/gcc/arm-atollic-eabi/6.3.1/armv7e-m/fpu/crti.o
LOAD d:/program files (x86)/atolic/truestudio for stm32/truestudio for stm32 9.3.0/armtools/bin/../lib/gcc/arm-atollic-eabi/6.3.1/armv7e-m/fpu/crtbegin.o
LOAD Drivers\STM32F4xx_HAL_Driver\Src\stm32f4xx_hal.o
LOAD Drivers\STM32F4xx_HAL_Driver\Src\stm32f4xx_hal_cortex.o
LOAD Drivers\STM32F4xx_HAL_Driver\Src\stm32f4xx_hal_dma.o
LOAD Drivers\STM32F4xx_HAL_Driver\Src\stm32f4xx_hal_dma_ex.o
LOAD Drivers\STM32F4xx_HAL_Driver\Src\stm32f4xx_hal_exti.o
LOAD Drivers\STM32F4xx_HAL_Driver\Src\stm32f4xx_hal_flash.o
LOAD Drivers\STM32F4xx_HAL_Driver\Src\stm32f4xx_hal_flash_ex.o
LOAD Drivers\STM32F4xx_HAL_Driver\Src\stm32f4xx_hal_flash_ramfunc.o
LOAD Drivers\STM32F4xx_HAL_Driver\Src\stm32f4xx_hal_gpio.o
LOAD Drivers\STM32F4xx_HAL_Driver\Src\stm32f4xx_hal_i2c.o
LOAD Drivers\STM32F4xx_HAL_Driver\Src\stm32f4xx_hal_i2c_ex.o
LOAD Drivers\STM32F4xx_HAL_Driver\Src\stm32f4xx_hal_pwr.o
LOAD Drivers\STM32F4xx_HAL_Driver\Src\stm32f4xx_hal_pwr_ex.o
LOAD Drivers\STM32F4xx_HAL_Driver\Src\stm32f4xx_hal_rcc.o
LOAD Drivers\STM32F4xx_HAL_Driver\Src\stm32f4xx_hal_rcc_ex.o
LOAD Drivers\STM32F4xx_HAL_Driver\Src\stm32f4xx_hal_tim.o
LOAD Drivers\STM32F4xx_HAL_Driver\Src\stm32f4xx_hal_tim_ex.o
LOAD Src\QMC5883.o
LOAD Src\main.o
LOAD Src\stm32f4xx_hal_msp.o
LOAD Src\stm32f4xx_it.o
LOAD Src\syscalls.o
LOAD Src\system_stm32f4xx.o
LOAD startup\startup_stm32f407xx.o
                0x00000080                malloc_getpagesize_P = 0x80
START GROUP
LOAD d:/program files (x86)/atolic/truestudio for stm32/truestudio for stm32 9.3.0/armtools/bin/../lib/gcc/arm-atollic-eabi/6.3.1/../../../../arm-atollic-eabi/lib/armv7e-m/fpu\libc_nano.a
LOAD d:/program files (x86)/atolic/truestudio for stm32/truestudio for stm32 9.3.0/armtools/bin/../lib/gcc/arm-atollic-eabi/6.3.1/../../../../arm-atollic-eabi/lib/armv7e-m/fpu\libm.a
END GROUP
START GROUP
LOAD d:/program files (x86)/atolic/truestudio for stm32/truestudio for stm32 9.3.0/armtools/bin/../lib/gcc/arm-atollic-eabi/6.3.1/armv7e-m/fpu\libgcc.a
LOAD d:/program files (x86)/atolic/truestudio for stm32/truestudio for stm32 9.3.0/armtools/bin/../lib/gcc/arm-atollic-eabi/6.3.1/../../../../arm-atollic-eabi/lib/armv7e-m/fpu\libc_nano.a
END GROUP
START GROUP
LOAD d:/program files (x86)/atolic/truestudio for stm32/truestudio for stm32 9.3.0/armtools/bin/../lib/gcc/arm-atollic-eabi/6.3.1/armv7e-m/fpu\libgcc.a
LOAD d:/program files (x86)/atolic/truestudio for stm32/truestudio for stm32 9.3.0/armtools/bin/../lib/gcc/arm-atollic-eabi/6.3.1/../../../../arm-atollic-eabi/lib/armv7e-m/fpu\libc_nano.a
LOAD d:/program files (x86)/atolic/truestudio for stm32/truestudio for stm32 9.3.0/armtools/bin/../lib/gcc/arm-atollic-eabi/6.3.1/../../../../arm-atollic-eabi/lib/armv7e-m/fpu\libnosys.a
END GROUP
START GROUP
LOAD d:/program files (x86)/atolic/truestudio for stm32/truestudio for stm32 9.3.0/armtools/bin/../lib/gcc/arm-atollic-eabi/6.3.1/armv7e-m/fpu\libgcc.a
LOAD d:/program files (x86)/atolic/truestudio for stm32/truestudio for stm32 9.3.0/armtools/bin/../lib/gcc/arm-atollic-eabi/6.3.1/../../../../arm-atollic-eabi/lib/armv7e-m/fpu\libc_nano.a
LOAD d:/program files (x86)/atolic/truestudio for stm32/truestudio for stm32 9.3.0/armtools/bin/../lib/gcc/arm-atollic-eabi/6.3.1/../../../../arm-atollic-eabi/lib/armv7e-m/fpu\libnosys.a
END GROUP
LOAD d:/program files (x86)/atolic/truestudio for stm32/truestudio for stm32 9.3.0/armtools/bin/../lib/gcc/arm-atollic-eabi/6.3.1/armv7e-m/fpu/crtend.o
LOAD d:/program files (x86)/atolic/truestudio for stm32/truestudio for stm32 9.3.0/armtools/bin/../lib/gcc/arm-atollic-eabi/6.3.1/armv7e-m/fpu/crtn.o
                0x20020000                _estack = 0x20020000
                0x00000200                _Min_Heap_Size = 0x200
                0x00000400                _Min_Stack_Size = 0x400

.isr_vector     0x08000000      0x188
                0x08000000                . = ALIGN (0x4)
 *(.isr_vector)
 .isr_vector    0x08000000      0x188 startup\startup_stm32f407xx.o
                0x08000000                g_pfnVectors
                0x08000188                . = ALIGN (0x4)

.text           0x08000188     0x33cc
                0x08000188                . = ALIGN (0x4)
 *(.text)
 .text          0x08000188       0x40 d:/program files (x86)/atolic/truestudio for stm32/truestudio for stm32 9.3.0/armtools/bin/../lib/gcc/arm-atollic-eabi/6.3.1/armv7e-m/fpu/crtbegin.o
 .text          0x080001c8      0x370 d:/program files (x86)/atolic/truestudio for stm32/truestudio for stm32 9.3.0/armtools/bin/../lib/gcc/arm-atollic-eabi/6.3.1/armv7e-m/fpu\libgcc.a(_arm_addsubdf3.o)
                0x080001c8                __aeabi_drsub
                0x080001d0                __aeabi_dsub
                0x080001d0                __subdf3
                0x080001d4                __aeabi_dadd
                0x080001d4                __adddf3
                0x0800044c                __floatunsidf
                0x0800044c                __aeabi_ui2d
                0x0800046c                __floatsidf
                0x0800046c                __aeabi_i2d
                0x08000490                __aeabi_f2d
                0x08000490                __extendsfdf2
                0x080004cc                __floatundidf
                0x080004cc                __aeabi_ul2d
                0x080004dc                __floatdidf
                0x080004dc                __aeabi_l2d
 .text          0x08000538      0x424 d:/program files (x86)/atolic/truestudio for stm32/truestudio for stm32 9.3.0/armtools/bin/../lib/gcc/arm-atollic-eabi/6.3.1/armv7e-m/fpu\libgcc.a(_arm_muldivdf3.o)
                0x08000538                __aeabi_dmul
                0x08000538                __muldf3
                0x0800078c                __divdf3
                0x0800078c                __aeabi_ddiv
 .text          0x0800095c       0xa0 d:/program files (x86)/atolic/truestudio for stm32/truestudio for stm32 9.3.0/armtools/bin/../lib/gcc/arm-atollic-eabi/6.3.1/armv7e-m/fpu\libgcc.a(_arm_truncdfsf2.o)
                0x0800095c                __truncdfsf2
                0x0800095c                __aeabi_d2f
 .text          0x080009fc       0x30 d:/program files (x86)/atolic/truestudio for stm32/truestudio for stm32 9.3.0/armtools/bin/../lib/gcc/arm-atollic-eabi/6.3.1/armv7e-m/fpu\libgcc.a(_aeabi_uldivmod.o)
                0x080009fc                __aeabi_uldivmod
 .text          0x08000a2c      0x2dc d:/program files (x86)/atolic/truestudio for stm32/truestudio for stm32 9.3.0/armtools/bin/../lib/gcc/arm-atollic-eabi/6.3.1/armv7e-m/fpu\libgcc.a(_udivmoddi4.o)
                0x08000a2c                __udivmoddi4
 .text          0x08000d08        0x4 d:/program files (x86)/atolic/truestudio for stm32/truestudio for stm32 9.3.0/armtools/bin/../lib/gcc/arm-atollic-eabi/6.3.1/armv7e-m/fpu\libgcc.a(_dvmd_tls.o)
                0x08000d08                __aeabi_idiv0
                0x08000d08                __aeabi_ldiv0
 *(.text*)
 .text.HAL_Init
                0x08000d0c       0x44 Drivers\STM32F4xx_HAL_Driver\Src\stm32f4xx_hal.o
                0x08000d0c                HAL_Init
 .text.HAL_InitTick
                0x08000d50       0x60 Drivers\STM32F4xx_HAL_Driver\Src\stm32f4xx_hal.o
                0x08000d50                HAL_InitTick
 .text.HAL_IncTick
                0x08000db0       0x28 Drivers\STM32F4xx_HAL_Driver\Src\stm32f4xx_hal.o
                0x08000db0                HAL_IncTick
 .text.HAL_GetTick
                0x08000dd8       0x18 Drivers\STM32F4xx_HAL_Driver\Src\stm32f4xx_hal.o
                0x08000dd8                HAL_GetTick
 .text.HAL_Delay
                0x08000df0       0x44 Drivers\STM32F4xx_HAL_Driver\Src\stm32f4xx_hal.o
                0x08000df0                HAL_Delay
 .text.__NVIC_SetPriorityGrouping
                0x08000e34       0x48 Drivers\STM32F4xx_HAL_Driver\Src\stm32f4xx_hal_cortex.o
 .text.__NVIC_GetPriorityGrouping
                0x08000e7c       0x1c Drivers\STM32F4xx_HAL_Driver\Src\stm32f4xx_hal_cortex.o
 .text.__NVIC_SetPriority
                0x08000e98       0x54 Drivers\STM32F4xx_HAL_Driver\Src\stm32f4xx_hal_cortex.o
 .text.NVIC_EncodePriority
                0x08000eec       0x62 Drivers\STM32F4xx_HAL_Driver\Src\stm32f4xx_hal_cortex.o
 *fill*         0x08000f4e        0x2 
 .text.SysTick_Config
                0x08000f50       0x44 Drivers\STM32F4xx_HAL_Driver\Src\stm32f4xx_hal_cortex.o
 .text.HAL_NVIC_SetPriorityGrouping
                0x08000f94       0x16 Drivers\STM32F4xx_HAL_Driver\Src\stm32f4xx_hal_cortex.o
                0x08000f94                HAL_NVIC_SetPriorityGrouping
 .text.HAL_NVIC_SetPriority
                0x08000faa       0x38 Drivers\STM32F4xx_HAL_Driver\Src\stm32f4xx_hal_cortex.o
                0x08000faa                HAL_NVIC_SetPriority
 .text.HAL_SYSTICK_Config
                0x08000fe2       0x18 Drivers\STM32F4xx_HAL_Driver\Src\stm32f4xx_hal_cortex.o
                0x08000fe2                HAL_SYSTICK_Config
 *fill*         0x08000ffa        0x2 
 .text.HAL_GPIO_Init
                0x08000ffc      0x334 Drivers\STM32F4xx_HAL_Driver\Src\stm32f4xx_hal_gpio.o
                0x08000ffc                HAL_GPIO_Init
 .text.HAL_GPIO_WritePin
                0x08001330       0x32 Drivers\STM32F4xx_HAL_Driver\Src\stm32f4xx_hal_gpio.o
                0x08001330                HAL_GPIO_WritePin
 *fill*         0x08001362        0x2 
 .text.HAL_I2C_Init
                0x08001364      0x270 Drivers\STM32F4xx_HAL_Driver\Src\stm32f4xx_hal_i2c.o
                0x08001364                HAL_I2C_Init
 .text.HAL_I2C_Mem_Write
                0x080015d4      0x1f4 Drivers\STM32F4xx_HAL_Driver\Src\stm32f4xx_hal_i2c.o
                0x080015d4                HAL_I2C_Mem_Write
 .text.HAL_I2C_Mem_Read
                0x080017c8      0x44c Drivers\STM32F4xx_HAL_Driver\Src\stm32f4xx_hal_i2c.o
                0x080017c8                HAL_I2C_Mem_Read
 .text.I2C_RequestMemoryWrite
                0x08001c14      0x128 Drivers\STM32F4xx_HAL_Driver\Src\stm32f4xx_hal_i2c.o
 .text.I2C_RequestMemoryRead
                0x08001d3c      0x1cc Drivers\STM32F4xx_HAL_Driver\Src\stm32f4xx_hal_i2c.o
 .text.I2C_WaitOnFlagUntilTimeout
                0x08001f08       0xae Drivers\STM32F4xx_HAL_Driver\Src\stm32f4xx_hal_i2c.o
 .text.I2C_WaitOnMasterAddressFlagUntilTimeout
                0x08001fb6       0xfe Drivers\STM32F4xx_HAL_Driver\Src\stm32f4xx_hal_i2c.o
 .text.I2C_WaitOnTXEFlagUntilTimeout
                0x080020b4       0x82 Drivers\STM32F4xx_HAL_Driver\Src\stm32f4xx_hal_i2c.o
 .text.I2C_WaitOnBTFFlagUntilTimeout
                0x08002136       0x82 Drivers\STM32F4xx_HAL_Driver\Src\stm32f4xx_hal_i2c.o
 .text.I2C_WaitOnRXNEFlagUntilTimeout
                0x080021b8       0xac Drivers\STM32F4xx_HAL_Driver\Src\stm32f4xx_hal_i2c.o
 .text.I2C_IsAcknowledgeFailed
                0x08002264       0x5e Drivers\STM32F4xx_HAL_Driver\Src\stm32f4xx_hal_i2c.o
 *fill*         0x080022c2        0x2 
 .text.HAL_RCC_OscConfig
                0x080022c4      0x4e0 Drivers\STM32F4xx_HAL_Driver\Src\stm32f4xx_hal_rcc.o
                0x080022c4                HAL_RCC_OscConfig
 .text.HAL_RCC_ClockConfig
                0x080027a4      0x1cc Drivers\STM32F4xx_HAL_Driver\Src\stm32f4xx_hal_rcc.o
                0x080027a4                HAL_RCC_ClockConfig
 .text.HAL_RCC_GetSysClockFreq
                0x08002970      0x1b0 Drivers\STM32F4xx_HAL_Driver\Src\stm32f4xx_hal_rcc.o
                0x08002970                HAL_RCC_GetSysClockFreq
 .text.HAL_RCC_GetHCLKFreq
                0x08002b20       0x18 Drivers\STM32F4xx_HAL_Driver\Src\stm32f4xx_hal_rcc.o
                0x08002b20                HAL_RCC_GetHCLKFreq
 .text.HAL_RCC_GetPCLK1Freq
                0x08002b38       0x28 Drivers\STM32F4xx_HAL_Driver\Src\stm32f4xx_hal_rcc.o
                0x08002b38                HAL_RCC_GetPCLK1Freq
 .text.QMC_init
                0x08002b60       0xdc Src\QMC5883.o
                0x08002b60                QMC_init
 *fill*         0x08002c3c        0x4 
 .text.QMC_read
                0x08002c40      0x148 Src\QMC5883.o
                0x08002c40                QMC_read
 .text.main     0x08002d88       0x64 Src\main.o
                0x08002d88                main
 .text.SystemClock_Config
                0x08002dec       0xd4 Src\main.o
                0x08002dec                SystemClock_Config
 .text.MX_I2C3_Init
                0x08002ec0       0x5c Src\main.o
 .text.MX_GPIO_Init
                0x08002f1c       0xa4 Src\main.o
 .text.Error_Handler
                0x08002fc0        0xe Src\main.o
                0x08002fc0                Error_Handler
 *fill*         0x08002fce        0x2 
 .text.HAL_MspInit
                0x08002fd0       0x50 Src\stm32f4xx_hal_msp.o
                0x08002fd0                HAL_MspInit
 .text.HAL_I2C_MspInit
                0x08003020       0xd4 Src\stm32f4xx_hal_msp.o
                0x08003020                HAL_I2C_MspInit
 .text.NMI_Handler
                0x080030f4        0xe Src\stm32f4xx_it.o
                0x080030f4                NMI_Handler
 .text.HardFault_Handler
                0x08003102        0x6 Src\stm32f4xx_it.o
                0x08003102                HardFault_Handler
 .text.MemManage_Handler
                0x08003108        0x6 Src\stm32f4xx_it.o
                0x08003108                MemManage_Handler
 .text.BusFault_Handler
                0x0800310e        0x6 Src\stm32f4xx_it.o
                0x0800310e                BusFault_Handler
 .text.UsageFault_Handler
                0x08003114        0x6 Src\stm32f4xx_it.o
                0x08003114                UsageFault_Handler
 .text.SVC_Handler
                0x0800311a        0xe Src\stm32f4xx_it.o
                0x0800311a                SVC_Handler
 .text.DebugMon_Handler
                0x08003128        0xe Src\stm32f4xx_it.o
                0x08003128                DebugMon_Handler
 .text.PendSV_Handler
                0x08003136        0xe Src\stm32f4xx_it.o
                0x08003136                PendSV_Handler
 .text.SysTick_Handler
                0x08003144        0xc Src\stm32f4xx_it.o
                0x08003144                SysTick_Handler
 .text.SystemInit
                0x08003150       0x2c Src\system_stm32f4xx.o
                0x08003150                SystemInit
 .text.Reset_Handler
                0x0800317c       0x50 startup\startup_stm32f407xx.o
                0x0800317c                Reset_Handler
 .text.Default_Handler
                0x080031cc        0x2 startup\startup_stm32f407xx.o
                0x080031cc                RTC_Alarm_IRQHandler
                0x080031cc                HASH_RNG_IRQHandler
                0x080031cc                EXTI2_IRQHandler
                0x080031cc                TIM8_CC_IRQHandler
                0x080031cc                TIM1_CC_IRQHandler
                0x080031cc                DMA2_Stream5_IRQHandler
                0x080031cc                DMA1_Stream5_IRQHandler
                0x080031cc                PVD_IRQHandler
                0x080031cc                SDIO_IRQHandler
                0x080031cc                TAMP_STAMP_IRQHandler
                0x080031cc                CAN2_RX1_IRQHandler
                0x080031cc                EXTI3_IRQHandler
                0x080031cc                TIM8_TRG_COM_TIM14_IRQHandler
                0x080031cc                TIM1_UP_TIM10_IRQHandler
                0x080031cc                TIM8_UP_TIM13_IRQHandler
                0x080031cc                I2C3_ER_IRQHandler
                0x080031cc                EXTI0_IRQHandler
                0x080031cc                I2C2_EV_IRQHandler
                0x080031cc                DMA1_Stream2_IRQHandler
                0x080031cc                CAN1_RX0_IRQHandler
                0x080031cc                FPU_IRQHandler
                0x080031cc                OTG_HS_WKUP_IRQHandler
                0x080031cc                CAN2_SCE_IRQHandler
                0x080031cc                DMA2_Stream2_IRQHandler
                0x080031cc                SPI1_IRQHandler
                0x080031cc                TIM6_DAC_IRQHandler
                0x080031cc                TIM1_BRK_TIM9_IRQHandler
                0x080031cc                DCMI_IRQHandler
                0x080031cc                CAN2_RX0_IRQHandler
                0x080031cc                DMA2_Stream3_IRQHandler
                0x080031cc                USART6_IRQHandler
                0x080031cc                USART3_IRQHandler
                0x080031cc                CAN1_RX1_IRQHandler
                0x080031cc                UART5_IRQHandler
                0x080031cc                DMA2_Stream0_IRQHandler
                0x080031cc                TIM4_IRQHandler
                0x080031cc                I2C1_EV_IRQHandler
                0x080031cc                DMA1_Stream6_IRQHandler
                0x080031cc                DMA1_Stream1_IRQHandler
                0x080031cc                UART4_IRQHandler
                0x080031cc                TIM3_IRQHandler
                0x080031cc                RCC_IRQHandler
                0x080031cc                TIM8_BRK_TIM12_IRQHandler
                0x080031cc                Default_Handler
                0x080031cc                EXTI15_10_IRQHandler
                0x080031cc                ADC_IRQHandler
                0x080031cc                DMA1_Stream7_IRQHandler
                0x080031cc                TIM7_IRQHandler
                0x080031cc                CAN2_TX_IRQHandler
                0x080031cc                TIM5_IRQHandler
                0x080031cc                DMA2_Stream7_IRQHandler
                0x080031cc                I2C3_EV_IRQHandler
                0x080031cc                EXTI9_5_IRQHandler
                0x080031cc                RTC_WKUP_IRQHandler
                0x080031cc                ETH_WKUP_IRQHandler
                0x080031cc                SPI2_IRQHandler
                0x080031cc                OTG_HS_EP1_IN_IRQHandler
                0x080031cc                DMA1_Stream0_IRQHandler
                0x080031cc                CAN1_TX_IRQHandler
                0x080031cc                EXTI4_IRQHandler
                0x080031cc                FSMC_IRQHandler
                0x080031cc                ETH_IRQHandler
                0x080031cc                OTG_HS_EP1_OUT_IRQHandler
                0x080031cc                WWDG_IRQHandler
                0x080031cc                TIM2_IRQHandler
                0x080031cc                OTG_FS_WKUP_IRQHandler
                0x080031cc                TIM1_TRG_COM_TIM11_IRQHandler
                0x080031cc                OTG_HS_IRQHandler
                0x080031cc                EXTI1_IRQHandler
                0x080031cc                USART2_IRQHandler
                0x080031cc                I2C2_ER_IRQHandler
                0x080031cc                DMA2_Stream1_IRQHandler
                0x080031cc                CAN1_SCE_IRQHandler
                0x080031cc                FLASH_IRQHandler
                0x080031cc                DMA2_Stream4_IRQHandler
                0x080031cc                USART1_IRQHandler
                0x080031cc                OTG_FS_IRQHandler
                0x080031cc                SPI3_IRQHandler
                0x080031cc                DMA1_Stream4_IRQHandler
                0x080031cc                I2C1_ER_IRQHandler
                0x080031cc                DMA2_Stream6_IRQHandler
                0x080031cc                DMA1_Stream3_IRQHandler
 *fill*         0x080031ce        0x2 
 .text.__libc_init_array
                0x080031d0       0x48 d:/program files (x86)/atolic/truestudio for stm32/truestudio for stm32 9.3.0/armtools/bin/../lib/gcc/arm-atollic-eabi/6.3.1/../../../../arm-atollic-eabi/lib/armv7e-m/fpu\libc_nano.a(lib_a-init.o)
                0x080031d0                __libc_init_array
 .text.memset   0x08003218       0x10 d:/program files (x86)/atolic/truestudio for stm32/truestudio for stm32 9.3.0/armtools/bin/../lib/gcc/arm-atollic-eabi/6.3.1/../../../../arm-atollic-eabi/lib/armv7e-m/fpu\libc_nano.a(lib_a-memset.o)
                0x08003218                memset
 .text.atan2f   0x08003228        0x4 d:/program files (x86)/atolic/truestudio for stm32/truestudio for stm32 9.3.0/armtools/bin/../lib/gcc/arm-atollic-eabi/6.3.1/../../../../arm-atollic-eabi/lib/armv7e-m/fpu\libm.a(lib_a-wf_atan2.o)
                0x08003228                atan2f
 .text.__ieee754_atan2f
                0x0800322c      0x15c d:/program files (x86)/atolic/truestudio for stm32/truestudio for stm32 9.3.0/armtools/bin/../lib/gcc/arm-atollic-eabi/6.3.1/../../../../arm-atollic-eabi/lib/armv7e-m/fpu\libm.a(lib_a-ef_atan2.o)
                0x0800322c                __ieee754_atan2f
 .text.atanf    0x08003388      0x1a4 d:/program files (x86)/atolic/truestudio for stm32/truestudio for stm32 9.3.0/armtools/bin/../lib/gcc/arm-atollic-eabi/6.3.1/../../../../arm-atollic-eabi/lib/armv7e-m/fpu\libm.a(lib_a-sf_atan.o)
                0x08003388                atanf
 .text.fabsf    0x0800352c        0xe d:/program files (x86)/atolic/truestudio for stm32/truestudio for stm32 9.3.0/armtools/bin/../lib/gcc/arm-atollic-eabi/6.3.1/../../../../arm-atollic-eabi/lib/armv7e-m/fpu\libm.a(lib_a-sf_fabs.o)
                0x0800352c                fabsf
 *(.glue_7)
 .glue_7        0x0800353a        0x0 linker stubs
 *(.glue_7t)
 .glue_7t       0x0800353a        0x0 linker stubs
 *(.eh_frame)
 *fill*         0x0800353a        0x2 
 .eh_frame      0x0800353c        0x0 d:/program files (x86)/atolic/truestudio for stm32/truestudio for stm32 9.3.0/armtools/bin/../lib/gcc/arm-atollic-eabi/6.3.1/armv7e-m/fpu/crtbegin.o
 *(.init)
 .init          0x0800353c        0x4 d:/program files (x86)/atolic/truestudio for stm32/truestudio for stm32 9.3.0/armtools/bin/../lib/gcc/arm-atollic-eabi/6.3.1/armv7e-m/fpu/crti.o
                0x0800353c                _init
 .init          0x08003540        0x8 d:/program files (x86)/atolic/truestudio for stm32/truestudio for stm32 9.3.0/armtools/bin/../lib/gcc/arm-atollic-eabi/6.3.1/armv7e-m/fpu/crtn.o
 *(.fini)
 .fini          0x08003548        0x4 d:/program files (x86)/atolic/truestudio for stm32/truestudio for stm32 9.3.0/armtools/bin/../lib/gcc/arm-atollic-eabi/6.3.1/armv7e-m/fpu/crti.o
                0x08003548                _fini
 .fini          0x0800354c        0x8 d:/program files (x86)/atolic/truestudio for stm32/truestudio for stm32 9.3.0/armtools/bin/../lib/gcc/arm-atollic-eabi/6.3.1/armv7e-m/fpu/crtn.o
                0x08003554                . = ALIGN (0x4)
                0x08003554                _etext = .

.vfp11_veneer   0x08003554        0x0
 .vfp11_veneer  0x08003554        0x0 linker stubs

.v4_bx          0x08003554        0x0
 .v4_bx         0x08003554        0x0 linker stubs

.iplt           0x08003554        0x0
 .iplt          0x08003554        0x0 d:/program files (x86)/atolic/truestudio for stm32/truestudio for stm32 9.3.0/armtools/bin/../lib/gcc/arm-atollic-eabi/6.3.1/armv7e-m/fpu/crtbegin.o

.rodata         0x08003554       0x38
                0x08003554                . = ALIGN (0x4)
 *(.rodata)
 *(.rodata*)
 .rodata.AHBPrescTable
                0x08003554       0x10 Src\system_stm32f4xx.o
                0x08003554                AHBPrescTable
 .rodata.APBPrescTable
                0x08003564        0x8 Src\system_stm32f4xx.o
                0x08003564                APBPrescTable
 .rodata.atanhi
                0x0800356c       0x10 d:/program files (x86)/atolic/truestudio for stm32/truestudio for stm32 9.3.0/armtools/bin/../lib/gcc/arm-atollic-eabi/6.3.1/../../../../arm-atollic-eabi/lib/armv7e-m/fpu\libm.a(lib_a-sf_atan.o)
 .rodata.atanlo
                0x0800357c       0x10 d:/program files (x86)/atolic/truestudio for stm32/truestudio for stm32 9.3.0/armtools/bin/../lib/gcc/arm-atollic-eabi/6.3.1/../../../../arm-atollic-eabi/lib/armv7e-m/fpu\libm.a(lib_a-sf_atan.o)
                0x0800358c                . = ALIGN (0x4)

.ARM.extab
 *(.ARM.extab* .gnu.linkonce.armextab.*)

.ARM            0x0800358c        0x8
                0x0800358c                __exidx_start = .
 *(.ARM.exidx*)
 .ARM.exidx     0x0800358c        0x8 d:/program files (x86)/atolic/truestudio for stm32/truestudio for stm32 9.3.0/armtools/bin/../lib/gcc/arm-atollic-eabi/6.3.1/armv7e-m/fpu\libgcc.a(_udivmoddi4.o)
                0x08003594                __exidx_end = .

.rel.dyn        0x08003594        0x0
 .rel.iplt      0x08003594        0x0 d:/program files (x86)/atolic/truestudio for stm32/truestudio for stm32 9.3.0/armtools/bin/../lib/gcc/arm-atollic-eabi/6.3.1/armv7e-m/fpu/crtbegin.o

.preinit_array  0x08003594        0x0
                0x08003594                PROVIDE (__preinit_array_start, .)
 *(.preinit_array*)
                0x08003594                PROVIDE (__preinit_array_end, .)

.init_array     0x08003594        0x4
                0x08003594                PROVIDE (__init_array_start, .)
 *(SORT(.init_array.*))
 *(.init_array*)
 .init_array    0x08003594        0x4 d:/program files (x86)/atolic/truestudio for stm32/truestudio for stm32 9.3.0/armtools/bin/../lib/gcc/arm-atollic-eabi/6.3.1/armv7e-m/fpu/crtbegin.o
                0x08003598                PROVIDE (__init_array_end, .)

.fini_array     0x08003598        0x4
                [!provide]                PROVIDE (__fini_array_start, .)
 *(SORT(.fini_array.*))
 *(.fini_array*)
 .fini_array    0x08003598        0x4 d:/program files (x86)/atolic/truestudio for stm32/truestudio for stm32 9.3.0/armtools/bin/../lib/gcc/arm-atollic-eabi/6.3.1/armv7e-m/fpu/crtbegin.o
                [!provide]                PROVIDE (__fini_array_end, .)
                0x0800359c                _sidata = LOADADDR (.data)

.data           0x20000000        0xc load address 0x0800359c
                0x20000000                . = ALIGN (0x4)
                0x20000000                _sdata = .
 *(.data)
 *(.data*)
 .data.uwTickPrio
                0x20000000        0x4 Drivers\STM32F4xx_HAL_Driver\Src\stm32f4xx_hal.o
                0x20000000                uwTickPrio
 .data.uwTickFreq
                0x20000004        0x1 Drivers\STM32F4xx_HAL_Driver\Src\stm32f4xx_hal.o
                0x20000004                uwTickFreq
 *fill*         0x20000005        0x3 
 .data.SystemCoreClock
                0x20000008        0x4 Src\system_stm32f4xx.o
                0x20000008                SystemCoreClock
                0x2000000c                . = ALIGN (0x4)
                0x2000000c                _edata = .
                0x080035a8                _siccmram = LOADADDR (.ccmram)

.igot.plt       0x2000000c        0x0 load address 0x080035a8
 .igot.plt      0x2000000c        0x0 d:/program files (x86)/atolic/truestudio for stm32/truestudio for stm32 9.3.0/armtools/bin/../lib/gcc/arm-atollic-eabi/6.3.1/armv7e-m/fpu/crtbegin.o

.ccmram         0x10000000        0x0 load address 0x080035a8
                0x10000000                . = ALIGN (0x4)
                0x10000000                _sccmram = .
 *(.ccmram)
 *(.ccmram*)
                0x10000000                . = ALIGN (0x4)
                0x10000000                _eccmram = .
                0x10000000                . = ALIGN (0x4)

.bss            0x2000000c       0x94
                0x2000000c                _sbss = .
                0x2000000c                __bss_start__ = _sbss
 *(.bss)
 .bss           0x2000000c       0x1c d:/program files (x86)/atolic/truestudio for stm32/truestudio for stm32 9.3.0/armtools/bin/../lib/gcc/arm-atollic-eabi/6.3.1/armv7e-m/fpu/crtbegin.o
 *(.bss*)
 *(COMMON)
 COMMON         0x20000028        0x4 Drivers\STM32F4xx_HAL_Driver\Src\stm32f4xx_hal.o
                0x20000028                uwTick
 COMMON         0x2000002c       0x74 Src\main.o
                0x2000002c                hi2c3
                0x20000080                pusula_sensor
                0x2000009c                Compas_Value
                0x200000a0                . = ALIGN (0x4)
                0x200000a0                _ebss = .
                0x200000a0                __bss_end__ = _ebss

._user_heap_stack
                0x200000a0      0x600
                0x200000a0                . = ALIGN (0x4)
                0x200000a0                PROVIDE (end, .)
                [!provide]                PROVIDE (_end, .)
                0x200002a0                . = (. + _Min_Heap_Size)
 *fill*         0x200000a0      0x200 
                0x200006a0                . = (. + _Min_Stack_Size)
 *fill*         0x200002a0      0x400 
                0x200006a0                . = ALIGN (0x4)

/DISCARD/
 libc.a(*)
 libm.a(*)
 libgcc.a(*)

.ARM.attributes
                0x00000000       0x30
 *(.ARM.attributes)
 .ARM.attributes
                0x00000000       0x22 d:/program files (x86)/atolic/truestudio for stm32/truestudio for stm32 9.3.0/armtools/bin/../lib/gcc/arm-atollic-eabi/6.3.1/armv7e-m/fpu/crti.o
 .ARM.attributes
                0x00000022       0x34 d:/program files (x86)/atolic/truestudio for stm32/truestudio for stm32 9.3.0/armtools/bin/../lib/gcc/arm-atollic-eabi/6.3.1/armv7e-m/fpu/crtbegin.o
 .ARM.attributes
                0x00000056       0x39 Drivers\STM32F4xx_HAL_Driver\Src\stm32f4xx_hal.o
 .ARM.attributes
                0x0000008f       0x39 Drivers\STM32F4xx_HAL_Driver\Src\stm32f4xx_hal_cortex.o
 .ARM.attributes
                0x000000c8       0x39 Drivers\STM32F4xx_HAL_Driver\Src\stm32f4xx_hal_gpio.o
 .ARM.attributes
                0x00000101       0x39 Drivers\STM32F4xx_HAL_Driver\Src\stm32f4xx_hal_i2c.o
 .ARM.attributes
                0x0000013a       0x39 Drivers\STM32F4xx_HAL_Driver\Src\stm32f4xx_hal_rcc.o
 .ARM.attributes
                0x00000173       0x39 Src\QMC5883.o
 .ARM.attributes
                0x000001ac       0x39 Src\main.o
 .ARM.attributes
                0x000001e5       0x39 Src\stm32f4xx_hal_msp.o
 .ARM.attributes
                0x0000021e       0x39 Src\stm32f4xx_it.o
 .ARM.attributes
                0x00000257       0x39 Src\system_stm32f4xx.o
 .ARM.attributes
                0x00000290       0x21 startup\startup_stm32f407xx.o
 .ARM.attributes
                0x000002b1       0x34 d:/program files (x86)/atolic/truestudio for stm32/truestudio for stm32 9.3.0/armtools/bin/../lib/gcc/arm-atollic-eabi/6.3.1/../../../../arm-atollic-eabi/lib/armv7e-m/fpu\libc_nano.a(lib_a-init.o)
 .ARM.attributes
                0x000002e5       0x34 d:/program files (x86)/atolic/truestudio for stm32/truestudio for stm32 9.3.0/armtools/bin/../lib/gcc/arm-atollic-eabi/6.3.1/../../../../arm-atollic-eabi/lib/armv7e-m/fpu\libc_nano.a(lib_a-memset.o)
 .ARM.attributes
                0x00000319       0x34 d:/program files (x86)/atolic/truestudio for stm32/truestudio for stm32 9.3.0/armtools/bin/../lib/gcc/arm-atollic-eabi/6.3.1/../../../../arm-atollic-eabi/lib/armv7e-m/fpu\libm.a(lib_a-wf_atan2.o)
 .ARM.attributes
                0x0000034d       0x34 d:/program files (x86)/atolic/truestudio for stm32/truestudio for stm32 9.3.0/armtools/bin/../lib/gcc/arm-atollic-eabi/6.3.1/../../../../arm-atollic-eabi/lib/armv7e-m/fpu\libm.a(lib_a-ef_atan2.o)
 .ARM.attributes
                0x00000381       0x34 d:/program files (x86)/atolic/truestudio for stm32/truestudio for stm32 9.3.0/armtools/bin/../lib/gcc/arm-atollic-eabi/6.3.1/../../../../arm-atollic-eabi/lib/armv7e-m/fpu\libm.a(lib_a-sf_atan.o)
 .ARM.attributes
                0x000003b5       0x34 d:/program files (x86)/atolic/truestudio for stm32/truestudio for stm32 9.3.0/armtools/bin/../lib/gcc/arm-atollic-eabi/6.3.1/../../../../arm-atollic-eabi/lib/armv7e-m/fpu\libm.a(lib_a-sf_fabs.o)
 .ARM.attributes
                0x000003e9       0x22 d:/program files (x86)/atolic/truestudio for stm32/truestudio for stm32 9.3.0/armtools/bin/../lib/gcc/arm-atollic-eabi/6.3.1/armv7e-m/fpu\libgcc.a(_arm_addsubdf3.o)
 .ARM.attributes
                0x0000040b       0x22 d:/program files (x86)/atolic/truestudio for stm32/truestudio for stm32 9.3.0/armtools/bin/../lib/gcc/arm-atollic-eabi/6.3.1/armv7e-m/fpu\libgcc.a(_arm_muldivdf3.o)
 .ARM.attributes
                0x0000042d       0x22 d:/program files (x86)/atolic/truestudio for stm32/truestudio for stm32 9.3.0/armtools/bin/../lib/gcc/arm-atollic-eabi/6.3.1/armv7e-m/fpu\libgcc.a(_arm_truncdfsf2.o)
 .ARM.attributes
                0x0000044f       0x22 d:/program files (x86)/atolic/truestudio for stm32/truestudio for stm32 9.3.0/armtools/bin/../lib/gcc/arm-atollic-eabi/6.3.1/armv7e-m/fpu\libgcc.a(_aeabi_uldivmod.o)
 .ARM.attributes
                0x00000471       0x34 d:/program files (x86)/atolic/truestudio for stm32/truestudio for stm32 9.3.0/armtools/bin/../lib/gcc/arm-atollic-eabi/6.3.1/armv7e-m/fpu\libgcc.a(_udivmoddi4.o)
 .ARM.attributes
                0x000004a5       0x22 d:/program files (x86)/atolic/truestudio for stm32/truestudio for stm32 9.3.0/armtools/bin/../lib/gcc/arm-atollic-eabi/6.3.1/armv7e-m/fpu\libgcc.a(_dvmd_tls.o)
 .ARM.attributes
                0x000004c7       0x22 d:/program files (x86)/atolic/truestudio for stm32/truestudio for stm32 9.3.0/armtools/bin/../lib/gcc/arm-atollic-eabi/6.3.1/armv7e-m/fpu/crtn.o
OUTPUT(Compas_Example.elf elf32-littlearm)

.debug_info     0x00000000     0x7ac5
 .debug_info    0x00000000      0x944 Drivers\STM32F4xx_HAL_Driver\Src\stm32f4xx_hal.o
 .debug_info    0x00000944      0xe28 Drivers\STM32F4xx_HAL_Driver\Src\stm32f4xx_hal_cortex.o
 .debug_info    0x0000176c      0x7b4 Drivers\STM32F4xx_HAL_Driver\Src\stm32f4xx_hal_gpio.o
 .debug_info    0x00001f20     0x23b1 Drivers\STM32F4xx_HAL_Driver\Src\stm32f4xx_hal_i2c.o
 .debug_info    0x000042d1      0x903 Drivers\STM32F4xx_HAL_Driver\Src\stm32f4xx_hal_rcc.o
 .debug_info    0x00004bd4     0x10ae Src\QMC5883.o
 .debug_info    0x00005c82      0xc6f Src\main.o
 .debug_info    0x000068f1      0x9ee Src\stm32f4xx_hal_msp.o
 .debug_info    0x000072df      0x20c Src\stm32f4xx_it.o
 .debug_info    0x000074eb      0x556 Src\system_stm32f4xx.o
 .debug_info    0x00007a41       0x84 startup\startup_stm32f407xx.o

.debug_abbrev   0x00000000     0x1268
 .debug_abbrev  0x00000000      0x1c2 Drivers\STM32F4xx_HAL_Driver\Src\stm32f4xx_hal.o
 .debug_abbrev  0x000001c2      0x2f5 Drivers\STM32F4xx_HAL_Driver\Src\stm32f4xx_hal_cortex.o
 .debug_abbrev  0x000004b7      0x1c4 Drivers\STM32F4xx_HAL_Driver\Src\stm32f4xx_hal_gpio.o
 .debug_abbrev  0x0000067b      0x24f Drivers\STM32F4xx_HAL_Driver\Src\stm32f4xx_hal_i2c.o
 .debug_abbrev  0x000008ca      0x240 Drivers\STM32F4xx_HAL_Driver\Src\stm32f4xx_hal_rcc.o
 .debug_abbrev  0x00000b0a      0x1fe Src\QMC5883.o
 .debug_abbrev  0x00000d08      0x1e0 Src\main.o
 .debug_abbrev  0x00000ee8      0x187 Src\stm32f4xx_hal_msp.o
 .debug_abbrev  0x0000106f       0xc1 Src\stm32f4xx_it.o
 .debug_abbrev  0x00001130      0x126 Src\system_stm32f4xx.o
 .debug_abbrev  0x00001256       0x12 startup\startup_stm32f407xx.o

.debug_aranges  0x00000000      0x6e0
 .debug_aranges
                0x00000000       0xf0 Drivers\STM32F4xx_HAL_Driver\Src\stm32f4xx_hal.o
 .debug_aranges
                0x000000f0      0x118 Drivers\STM32F4xx_HAL_Driver\Src\stm32f4xx_hal_cortex.o
 .debug_aranges
                0x00000208       0x58 Drivers\STM32F4xx_HAL_Driver\Src\stm32f4xx_hal_gpio.o
 .debug_aranges
                0x00000260      0x298 Drivers\STM32F4xx_HAL_Driver\Src\stm32f4xx_hal_i2c.o
 .debug_aranges
                0x000004f8       0x88 Drivers\STM32F4xx_HAL_Driver\Src\stm32f4xx_hal_rcc.o
 .debug_aranges
                0x00000580       0x40 Src\QMC5883.o
 .debug_aranges
                0x000005c0       0x40 Src\main.o
 .debug_aranges
                0x00000600       0x30 Src\stm32f4xx_hal_msp.o
 .debug_aranges
                0x00000630       0x60 Src\stm32f4xx_it.o
 .debug_aranges
                0x00000690       0x28 Src\system_stm32f4xx.o
 .debug_aranges
                0x000006b8       0x28 startup\startup_stm32f407xx.o

.debug_ranges   0x00000000      0x658
 .debug_ranges  0x00000000       0xe0 Drivers\STM32F4xx_HAL_Driver\Src\stm32f4xx_hal.o
 .debug_ranges  0x000000e0      0x108 Drivers\STM32F4xx_HAL_Driver\Src\stm32f4xx_hal_cortex.o
 .debug_ranges  0x000001e8       0x48 Drivers\STM32F4xx_HAL_Driver\Src\stm32f4xx_hal_gpio.o
 .debug_ranges  0x00000230      0x2a8 Drivers\STM32F4xx_HAL_Driver\Src\stm32f4xx_hal_i2c.o
 .debug_ranges  0x000004d8       0x78 Drivers\STM32F4xx_HAL_Driver\Src\stm32f4xx_hal_rcc.o
 .debug_ranges  0x00000550       0x30 Src\QMC5883.o
 .debug_ranges  0x00000580       0x30 Src\main.o
 .debug_ranges  0x000005b0       0x20 Src\stm32f4xx_hal_msp.o
 .debug_ranges  0x000005d0       0x50 Src\stm32f4xx_it.o
 .debug_ranges  0x00000620       0x18 Src\system_stm32f4xx.o
 .debug_ranges  0x00000638       0x20 startup\startup_stm32f407xx.o

.debug_line     0x00000000     0x38c1
 .debug_line    0x00000000      0x447 Drivers\STM32F4xx_HAL_Driver\Src\stm32f4xx_hal.o
 .debug_line    0x00000447      0x57b Drivers\STM32F4xx_HAL_Driver\Src\stm32f4xx_hal_cortex.o
 .debug_line    0x000009c2      0x43e Drivers\STM32F4xx_HAL_Driver\Src\stm32f4xx_hal_gpio.o
 .debug_line    0x00000e00     0x16af Drivers\STM32F4xx_HAL_Driver\Src\stm32f4xx_hal_i2c.o
 .debug_line    0x000024af      0x4e8 Drivers\STM32F4xx_HAL_Driver\Src\stm32f4xx_hal_rcc.o
 .debug_line    0x00002997      0x42b Src\QMC5883.o
 .debug_line    0x00002dc2      0x31f Src\main.o
 .debug_line    0x000030e1      0x2a2 Src\stm32f4xx_hal_msp.o
 .debug_line    0x00003383      0x28e Src\stm32f4xx_it.o
 .debug_line    0x00003611      0x232 Src\system_stm32f4xx.o
 .debug_line    0x00003843       0x7e startup\startup_stm32f407xx.o

.debug_str      0x00000000     0x2861
 .debug_str     0x00000000      0xb1c Drivers\STM32F4xx_HAL_Driver\Src\stm32f4xx_hal.o
                                0xb85 (size before relaxing)
 .debug_str     0x00000b1c      0x4ed Drivers\STM32F4xx_HAL_Driver\Src\stm32f4xx_hal_cortex.o
                                0xd09 (size before relaxing)
 .debug_str     0x00001009      0x1d8 Drivers\STM32F4xx_HAL_Driver\Src\stm32f4xx_hal_gpio.o
                                0x5cf (size before relaxing)
 .debug_str     0x000011e1      0xd3b Drivers\STM32F4xx_HAL_Driver\Src\stm32f4xx_hal_i2c.o
                               0x109f (size before relaxing)
 .debug_str     0x00001f1c      0x2e9 Drivers\STM32F4xx_HAL_Driver\Src\stm32f4xx_hal_rcc.o
                                0x786 (size before relaxing)
 .debug_str     0x00002205      0x4e7 Src\QMC5883.o
                                0xcdf (size before relaxing)
 .debug_str     0x000026ec       0x6f Src\main.o
                                0xb0c (size before relaxing)
 .debug_str     0x0000275b       0x1b Src\stm32f4xx_hal_msp.o
                                0x939 (size before relaxing)
 .debug_str     0x00002776       0xa6 Src\stm32f4xx_it.o
                                0x333 (size before relaxing)
 .debug_str     0x0000281c       0x45 Src\system_stm32f4xx.o
                                0x433 (size before relaxing)

.comment        0x00000000       0x7c
 .comment       0x00000000       0x7c Drivers\STM32F4xx_HAL_Driver\Src\stm32f4xx_hal.o
                                 0x7d (size before relaxing)
 .comment       0x0000007c       0x7d Drivers\STM32F4xx_HAL_Driver\Src\stm32f4xx_hal_cortex.o
 .comment       0x0000007c       0x7d Drivers\STM32F4xx_HAL_Driver\Src\stm32f4xx_hal_gpio.o
 .comment       0x0000007c       0x7d Drivers\STM32F4xx_HAL_Driver\Src\stm32f4xx_hal_i2c.o
 .comment       0x0000007c       0x7d Drivers\STM32F4xx_HAL_Driver\Src\stm32f4xx_hal_rcc.o
 .comment       0x0000007c       0x7d Src\QMC5883.o
 .comment       0x0000007c       0x7d Src\main.o
 .comment       0x0000007c       0x7d Src\stm32f4xx_hal_msp.o
 .comment       0x0000007c       0x7d Src\stm32f4xx_it.o
 .comment       0x0000007c       0x7d Src\system_stm32f4xx.o

.debug_frame    0x00000000     0x1d4c
 .debug_frame   0x00000000      0x374 Drivers\STM32F4xx_HAL_Driver\Src\stm32f4xx_hal.o
 .debug_frame   0x00000374      0x498 Drivers\STM32F4xx_HAL_Driver\Src\stm32f4xx_hal_cortex.o
 .debug_frame   0x0000080c      0x14c Drivers\STM32F4xx_HAL_Driver\Src\stm32f4xx_hal_gpio.o
 .debug_frame   0x00000958      0xc38 Drivers\STM32F4xx_HAL_Driver\Src\stm32f4xx_hal_i2c.o
 .debug_frame   0x00001590      0x1f8 Drivers\STM32F4xx_HAL_Driver\Src\stm32f4xx_hal_rcc.o
 .debug_frame   0x00001788       0xcc Src\QMC5883.o
 .debug_frame   0x00001854       0xb0 Src\main.o
 .debug_frame   0x00001904       0x7c Src\stm32f4xx_hal_msp.o
 .debug_frame   0x00001980      0x10c Src\stm32f4xx_it.o
 .debug_frame   0x00001a8c       0x58 Src\system_stm32f4xx.o
 .debug_frame   0x00001ae4       0x2c d:/program files (x86)/atolic/truestudio for stm32/truestudio for stm32 9.3.0/armtools/bin/../lib/gcc/arm-atollic-eabi/6.3.1/../../../../arm-atollic-eabi/lib/armv7e-m/fpu\libc_nano.a(lib_a-init.o)
 .debug_frame   0x00001b10       0x20 d:/program files (x86)/atolic/truestudio for stm32/truestudio for stm32 9.3.0/armtools/bin/../lib/gcc/arm-atollic-eabi/6.3.1/../../../../arm-atollic-eabi/lib/armv7e-m/fpu\libc_nano.a(lib_a-memset.o)
 .debug_frame   0x00001b30       0x20 d:/program files (x86)/atolic/truestudio for stm32/truestudio for stm32 9.3.0/armtools/bin/../lib/gcc/arm-atollic-eabi/6.3.1/../../../../arm-atollic-eabi/lib/armv7e-m/fpu\libm.a(lib_a-wf_atan2.o)
 .debug_frame   0x00001b50       0x30 d:/program files (x86)/atolic/truestudio for stm32/truestudio for stm32 9.3.0/armtools/bin/../lib/gcc/arm-atollic-eabi/6.3.1/../../../../arm-atollic-eabi/lib/armv7e-m/fpu\libm.a(lib_a-ef_atan2.o)
 .debug_frame   0x00001b80       0x2c d:/program files (x86)/atolic/truestudio for stm32/truestudio for stm32 9.3.0/armtools/bin/../lib/gcc/arm-atollic-eabi/6.3.1/../../../../arm-atollic-eabi/lib/armv7e-m/fpu\libm.a(lib_a-sf_atan.o)
 .debug_frame   0x00001bac       0x20 d:/program files (x86)/atolic/truestudio for stm32/truestudio for stm32 9.3.0/armtools/bin/../lib/gcc/arm-atollic-eabi/6.3.1/../../../../arm-atollic-eabi/lib/armv7e-m/fpu\libm.a(lib_a-sf_fabs.o)
 .debug_frame   0x00001bcc       0xac d:/program files (x86)/atolic/truestudio for stm32/truestudio for stm32 9.3.0/armtools/bin/../lib/gcc/arm-atollic-eabi/6.3.1/armv7e-m/fpu\libgcc.a(_arm_addsubdf3.o)
 .debug_frame   0x00001c78       0x50 d:/program files (x86)/atolic/truestudio for stm32/truestudio for stm32 9.3.0/armtools/bin/../lib/gcc/arm-atollic-eabi/6.3.1/armv7e-m/fpu\libgcc.a(_arm_muldivdf3.o)
 .debug_frame   0x00001cc8       0x24 d:/program files (x86)/atolic/truestudio for stm32/truestudio for stm32 9.3.0/armtools/bin/../lib/gcc/arm-atollic-eabi/6.3.1/armv7e-m/fpu\libgcc.a(_arm_truncdfsf2.o)
 .debug_frame   0x00001cec       0x2c d:/program files (x86)/atolic/truestudio for stm32/truestudio for stm32 9.3.0/armtools/bin/../lib/gcc/arm-atollic-eabi/6.3.1/armv7e-m/fpu\libgcc.a(_aeabi_uldivmod.o)
 .debug_frame   0x00001d18       0x34 d:/program files (x86)/atolic/truestudio for stm32/truestudio for stm32 9.3.0/armtools/bin/../lib/gcc/arm-atollic-eabi/6.3.1/armv7e-m/fpu\libgcc.a(_udivmoddi4.o)
